// Jest Snapshot v1, https://goo.gl/fbAQLP

exports[`Should render add expense page correctly 1`] = `
<div>
  <div
    className="page-header"
  >
    <div
      className="content-container"
    >
      <h1
        className="page-header__title"
      >
        <span>
          Add Expense
        </span>
      </h1>
      <p>
        This is where you add expenses. Expenses are bad. Don't add too many.
      </p>
    </div>
  </div>
  <div
    className="content-container"
  >
    <ExpenseForm
      onSubmit={[Function]}
    />
  </div>
</div>
`;
