// Jest Snapshot v1, https://goo.gl/fbAQLP

exports[`Should render ExpenseListItem with one expense 1`] = `
<div>
  <Link
    replace={false}
    to="/edit/2"
  >
    <h3>
      Description: 
      Rent
    </h3>
  </Link>
  <p>
    Amount: 
    $1,095.00
  </p>
  <p>
    Date Due: 
    December 27, 1969
  </p>
</div>
`;
