// Jest Snapshot v1, https://goo.gl/fbAQLP

exports[`Should render ExpenseListItem with one expense 1`] = `
<div>
  <Link
    replace={false}
    to="/edit/2"
  >
    <h3>
      Description: 
      Rent
    </h3>
  </Link>
  <p>
    Amount: $
    1095
  </p>
  <p>
    Date Created: 
    -345600000
  </p>
</div>
`;
